// Jest Snapshot v1, https://goo.gl/fbAQLP

exports[`should render a valid emblem component should match a snapshot 1`] = `
<DocumentFragment>
  <div
    class="ant-row css-dev-only-do-not-override-12jzuas"
    style="height: 100%; display: flex; align-items: center; justify-content: center;"
  >
    <a
      data-testid="redirect_icon"
      href="/"
      style="height: 100%; display: flex; align-items: center; justify-content: center; margin-left: 20px; margin-right: 20px;"
    >
      <img
        alt="logo_chan_png"
        class="unselectable undraggabe"
        src="logo.png"
        style="height: 80%;"
      />
    </a>
    <a
      data-testid="redirect_title"
      href="/"
    >
      <h2
        class="ant-typography unselectable undraggabe css-dev-only-do-not-override-12jzuas"
        style="color: rgb(4, 119, 135); margin: 0px;"
      >
        wea4chan
      </h2>
    </a>
  </div>
</DocumentFragment>
`;
